.next/types/validator.ts(625,31): error TS2344: Type 'typeof import("C:/Users/st175/Downloads/aetheravia/aetheravia/app/api/3pl/track/[trackingId]/route")' does not satisfy the constraint 'RouteHandlerConfig<"/api/3pl/track/[trackingId]">'.
  Types of property 'GET' are incompatible.
    Type '(request: NextRequest, { params }: { params: { trackingId: string; }; }) => Promise<NextResponse<{ error: string; }> | NextResponse<{ success: boolean; data: { trackingId: string; orderId: any; ... 8 more ...; lastUpdated: string; }; }> | NextResponse<...>>' is not assignable to type '(request: NextRequest, context: { params: Promise<{ trackingId: string; }>; }) => void | Response | Promise<void | Response>'.
      Types of parameters '__1' and 'context' are incompatible.
        Type '{ params: Promise<{ trackingId: string; }>; }' is not assignable to type '{ params: { trackingId: string; }; }'.
          Types of property 'params' are incompatible.
            Property 'trackingId' is missing in type 'Promise<{ trackingId: string; }>' but required in type '{ trackingId: string; }'.
.next/types/validator.ts(805,31): error TS2344: Type 'typeof import("C:/Users/st175/Downloads/aetheravia/aetheravia/app/api/admin/loyalty-rules/[id]/route")' does not satisfy the constraint 'RouteHandlerConfig<"/api/admin/loyalty-rules/[id]">'.
  Types of property 'GET' are incompatible.
    Type '(req: NextRequest, { params }: { params: { id: string; }; }) => Promise<NextResponse<any>>' is not assignable to type '(request: NextRequest, context: { params: Promise<{ id: string; }>; }) => void | Response | Promise<void | Response>'.
      Types of parameters '__1' and 'context' are incompatible.
        Type '{ params: Promise<{ id: string; }>; }' is not assignable to type '{ params: { id: string; }; }'.
          Types of property 'params' are incompatible.
            Property 'id' is missing in type 'Promise<{ id: string; }>' but required in type '{ id: string; }'.
.next/types/validator.ts(850,31): error TS2344: Type 'typeof import("C:/Users/st175/Downloads/aetheravia/aetheravia/app/api/admin/orders/[id]/assign-delivery/route")' does not satisfy the constraint 'RouteHandlerConfig<"/api/admin/orders/[id]/assign-delivery">'.
  Types of property 'POST' are incompatible.
    Type '(request: NextRequest, { params }: { params: { id: string; }; }) => Promise<NextResponse<{ message: string; }>>' is not assignable to type '(request: NextRequest, context: { params: Promise<{ id: string; }>; }) => void | Response | Promise<void | Response>'.
      Types of parameters '__1' and 'context' are incompatible.
        Type '{ params: Promise<{ id: string; }>; }' is not assignable to type '{ params: { id: string; }; }'.
          Types of property 'params' are incompatible.
            Property 'id' is missing in type 'Promise<{ id: string; }>' but required in type '{ id: string; }'.
.next/types/validator.ts(886,31): error TS2344: Type 'typeof import("C:/Users/st175/Downloads/aetheravia/aetheravia/app/api/admin/orders/[id]/status/route")' does not satisfy the constraint 'RouteHandlerConfig<"/api/admin/orders/[id]/status">'.
  Types of property 'PUT' are incompatible.
    Type '(request: NextRequest, { params }: { params: { id: string; }; }) => Promise<NextResponse<{ message: string; }>>' is not assignable to type '(request: NextRequest, context: { params: Promise<{ id: string; }>; }) => void | Response | Promise<void | Response>'.
      Types of parameters '__1' and 'context' are incompatible.
        Type '{ params: Promise<{ id: string; }>; }' is not assignable to type '{ params: { id: string; }; }'.
          Types of property 'params' are incompatible.
            Property 'id' is missing in type 'Promise<{ id: string; }>' but required in type '{ id: string; }'.
.next/types/validator.ts(967,31): error TS2344: Type 'typeof import("C:/Users/st175/Downloads/aetheravia/aetheravia/app/api/admin/popups-banners/[id]/route")' does not satisfy the constraint 'RouteHandlerConfig<"/api/admin/popups-banners/[id]">'.
  Types of property 'GET' are incompatible.
    Type '(req: NextRequest, { params }: { params: { id: string; }; }) => Promise<NextResponse<any>>' is not assignable to type '(request: NextRequest, context: { params: Promise<{ id: string; }>; }) => void | Response | Promise<void | Response>'.
      Types of parameters '__1' and 'context' are incompatible.
        Type '{ params: Promise<{ id: string; }>; }' is not assignable to type '{ params: { id: string; }; }'.
          Types of property 'params' are incompatible.
            Property 'id' is missing in type 'Promise<{ id: string; }>' but required in type '{ id: string; }'.
